** Drc report for mie1001_daq_board.kicad_pcb **
** Created on 2026-09-22T14:46:23 **
** Report includes: Errors, Warnings **

** Found 4 DRC violations **
[lib_footprint_mismatch]: Footprint 'TerminalBlock_Phoenix_PT-1,5-2-3.5-H_1x02_P3.50mm_Horizontal' does not match copy in library 'TerminalBlock_Phoenix'
    Local override; warning
    @(75.7000 mm, 83.6000 mm): Footprint J2
[lib_footprint_mismatch]: Footprint 'BNC_Amphenol_031-6575_Horizontal' does not match copy in library 'Connector_Coaxial'
    Local override; warning
    @(126.1900 mm, 85.5000 mm): Footprint J1
[lib_footprint_mismatch]: Footprint 'TerminalBlock_Phoenix_PT-1,5-2-3.5-H_1x02_P3.50mm_Horizontal' does not match copy in library 'TerminalBlock_Phoenix'
    Local override; warning
    @(75.7000 mm, 74.8000 mm): Footprint J4
[lib_footprint_mismatch]: Footprint 'Arduino_UNO_R3' does not match copy in library 'Module'
    Local override; warning
    @(100.0000 mm, 100.0000 mm): Footprint A1

** Found 0 unconnected pads **

** Found 0 Footprint errors **

** Ignored checks **
    - Footprint has no courtyard defined
    - Track endpoint not centered on via
    - Tuning profile track geometries
    - Footprint doesn't match symbol's footprint filters
    - Footprint component type doesn't match footprint pads

** End of Report **
